// Jest Snapshot v1, https://goo.gl/fbAQLP

exports[`Header component Snapshot tests renders correctly using renderer 1`] = `
<div
  className="makeStyles-root-1"
>
  <header
    className="MuiPaper-root MuiAppBar-root MuiAppBar-positionFixed makeStyles-appBar-2 MuiAppBar-colorPrimary mui-fixed MuiPaper-elevation4"
  >
    <div
      className="MuiToolbar-root MuiToolbar-regular MuiToolbar-gutters"
    >
      <button
        aria-label="open drawer"
        className="MuiButtonBase-root MuiIconButton-root makeStyles-menuButton-5 MuiIconButton-colorInherit MuiIconButton-edgeStart"
        disabled={false}
        onBlur={[Function]}
        onDragLeave={[Function]}
        onFocus={[Function]}
        onKeyDown={[Function]}
        onKeyUp={[Function]}
        onMouseDown={[Function]}
        onMouseLeave={[Function]}
        onMouseUp={[Function]}
        onTouchEnd={[Function]}
        onTouchMove={[Function]}
        onTouchStart={[Function]}
        tabIndex={0}
        type="button"
      >
        <span
          className="MuiIconButton-label"
        >
          <svg
            aria-hidden="true"
            className="MuiSvgIcon-root"
            focusable="false"
            role="presentation"
            viewBox="0 0 24 24"
          >
            <path
              d="M3 18h18v-2H3v2zm0-5h18v-2H3v2zm0-7v2h18V6H3z"
            />
          </svg>
        </span>
      </button>
      <h6
        className="MuiTypography-root makeStyles-title-6 MuiTypography-h6 MuiTypography-noWrap"
      >
        japp
      </h6>
      <div
        className="makeStyles-search-7"
      >
        <div
          className="makeStyles-searchIcon-8"
        >
          <svg
            aria-hidden="true"
            className="MuiSvgIcon-root"
            focusable="false"
            role="presentation"
            viewBox="0 0 24 24"
          >
            <path
              d="M15.5 14h-.79l-.28-.27C15.41 12.59 16 11.11 16 9.5 16 5.91 13.09 3 9.5 3S3 5.91 3 9.5 5.91 16 9.5 16c1.61 0 3.09-.59 4.23-1.57l.27.28v.79l5 4.99L20.49 19l-4.99-5zm-6 0C7.01 14 5 11.99 5 9.5S7.01 5 9.5 5 14 7.01 14 9.5 11.99 14 9.5 14z"
            />
          </svg>
        </div>
        <div
          className="MuiInputBase-root makeStyles-inputRoot-9"
          onClick={[Function]}
        >
          <input
            aria-label="search"
            className="MuiInputBase-input makeStyles-inputInput-10"
            onAnimationStart={[Function]}
            onBlur={[Function]}
            onChange={[Function]}
            onFocus={[Function]}
            placeholder="Searchâ€¦"
            type="text"
          />
        </div>
      </div>
    </div>
  </header>
</div>
`;
